NAMESPACE            NAME                                                     READY   STATUS    RESTARTS   AGE
kube-system          pod/coredns-7d764666f9-ckl5m                             1/1     Running   0          4m5s
kube-system          pod/coredns-7d764666f9-sjrlf                             1/1     Running   0          4m5s
kube-system          pod/etcd-test-cluster-control-plane                      1/1     Running   0          4m13s
kube-system          pod/kindnet-skbjq                                        1/1     Running   0          4m5s
kube-system          pod/kube-apiserver-test-cluster-control-plane            1/1     Running   0          4m13s
kube-system          pod/kube-controller-manager-test-cluster-control-plane   1/1     Running   0          4m13s
kube-system          pod/kube-proxy-vlrlw                                     1/1     Running   0          4m5s
kube-system          pod/kube-scheduler-test-cluster-control-plane            1/1     Running   0          4m13s
local-path-storage   pod/local-path-provisioner-67b8995b4b-jwc4p              1/1     Running   0          4m5s
mysql-ns             pod/mysql-statefulset-0                                  0/1     Pending   0          30s

NAMESPACE     NAME                    TYPE        CLUSTER-IP      EXTERNAL-IP   PORT(S)                  AGE
default       service/kubernetes      ClusterIP   10.96.0.1       <none>        443/TCP                  4m13s
default       service/todoapp-mysql   ClusterIP   10.96.161.119   <none>        3306/TCP                 2m3s
kube-system   service/kube-dns        ClusterIP   10.96.0.10      <none>        53/UDP,53/TCP,9153/TCP   4m12s

NAMESPACE     NAME                        DESIRED   CURRENT   READY   UP-TO-DATE   AVAILABLE   NODE SELECTOR            AGE
kube-system   daemonset.apps/kindnet      1         1         1       1            1           kubernetes.io/os=linux   4m11s
kube-system   daemonset.apps/kube-proxy   1         1         1       1            1           kubernetes.io/os=linux   4m12s

NAMESPACE            NAME                                     READY   UP-TO-DATE   AVAILABLE   AGE
kube-system          deployment.apps/coredns                  2/2     2            2           4m12s
local-path-storage   deployment.apps/local-path-provisioner   1/1     1            1           4m10s
todoapp              deployment.apps/todoapp-deployment       0/1     0            0           30s

NAMESPACE            NAME                                                DESIRED   CURRENT   READY   AGE
kube-system          replicaset.apps/coredns-7d764666f9                  2         2         2       4m5s
local-path-storage   replicaset.apps/local-path-provisioner-67b8995b4b   1         1         1       4m5s
todoapp              replicaset.apps/todoapp-deployment-5d4995cf7b       1         0         0       30s

NAMESPACE   NAME                                 READY   AGE
mysql-ns    statefulset.apps/mysql-statefulset   0/1     30s

NAMESPACE            NAME                                                             DATA   AGE
default              configmap/kube-root-ca.crt                                       1      4m6s
kube-node-lease      configmap/kube-root-ca.crt                                       1      4m6s
kube-public          configmap/cluster-info                                           2      4m13s
kube-public          configmap/kube-root-ca.crt                                       1      4m6s
kube-system          configmap/coredns                                                1      4m12s
kube-system          configmap/extension-apiserver-authentication                     6      4m14s
kube-system          configmap/kube-apiserver-legacy-service-account-token-tracking   1      4m14s
kube-system          configmap/kube-proxy                                             2      4m12s
kube-system          configmap/kube-root-ca.crt                                       1      4m6s
kube-system          configmap/kubeadm-config                                         1      4m13s
kube-system          configmap/kubelet-config                                         1      4m13s
local-path-storage   configmap/kube-root-ca.crt                                       1      4m6s
local-path-storage   configmap/local-path-config                                      4      4m10s
mysql-ns             configmap/kube-root-ca.crt                                       1      88s
todoapp              configmap/kube-root-ca.crt                                       1      88s

NAMESPACE     NAME                                   TYPE                            DATA   AGE
default       secret/sh.helm.release.v1.todoapp.v1   helm.sh/release.v1              1      2m4s
default       secret/sh.helm.release.v1.todoapp.v2   helm.sh/release.v1              1      30s
kube-system   secret/bootstrap-token-abcdef          bootstrap.kubernetes.io/token   6      4m13s
mysql-ns      secret/mysql-secret                    Opaque                          2      30s
